client/src/components/ai-assistant/AiAssistantPanel.tsx(25,3): error TS6133: 'AlertCircle' is declared but its value is never read.
client/src/components/ai-assistant/AiAssistantPanel.tsx(223,10): error TS6133: 'retryCountdown' is declared but its value is never read.
client/src/components/ai-assistant/AiAssistantPanel.tsx(224,10): error TS6133: 'stallCountdown' is declared but its value is never read.
client/src/components/ai-assistant/AiAssistantPanel.tsx(226,10): error TS6133: 'rateLimitCooldownMs' is declared but its value is never read.
client/src/components/generator/ExpandableObjectEditor.tsx(222,17): error TS2322: Type 'unknown' is not assignable to type 'ReactNode'.
client/src/config/npcCreatorStages.ts(64,10): error TS6133: 'compactPriorContext' is declared but its value is never read.
src/server/app.ts(48,15): error TS6133: 'res' is declared but its value is never read.
src/server/app.ts(64,17): error TS6133: 'req' is declared but its value is never read.
src/server/app.ts(69,17): error TS6133: 'req' is declared but its value is never read.
src/server/app.ts(78,17): error TS6133: 'req' is declared but its value is never read.
src/server/app.ts(87,22): error TS6133: 'req' is declared but its value is never read.
src/server/app.ts(87,67): error TS6133: 'next' is declared but its value is never read.
src/server/models/database.ts(7,10): error TS6133: 'join' is declared but its value is never read.
src/server/models/database.ts(12,7): error TS6133: '__dirname' is declared but its value is never read.
src/server/orchestration/stages/Finalizer.ts(10,3): error TS6133: 'run' is declared but its value is never read.
src/server/orchestration/stages/WorldCoherence.ts(11,3): error TS6133: 'run' is declared but its value is never read.
src/server/orchestration/validators/BalanceGuard.ts(8,10): error TS6133: 'tierFromPartyLevel' is declared but its value is never read.
src/server/orchestration/validators/BalanceGuard.ts(21,11): error TS6133: 'difficultyTier' is declared but its value is never read.
src/server/orchestration/validators/RulesGuard.ts(22,9): error TS6133: 'ruleBase' is declared but its value is never read.
src/server/parsers/homebrewParser.ts(103,9): error TS6133: 'lowerText' is declared but its value is never read.
src/server/parsers/homebrewParser.ts(191,3): error TS6133: 'itemName' is declared but its value is never read.
src/server/routes/config.ts(15,39): error TS6133: 'req' is declared but its value is never read.
src/server/routes/config.ts(56,37): error TS6133: 'req' is declared but its value is never read.
src/server/routes/factCheck.ts(9,1): error TS6133: 'ObjectId' is declared but its value is never read.
src/server/routes/factCheck.ts(288,58): error TS6133: 'claim' is declared but its value is never read.
src/server/routes/factCheck.ts(368,60): error TS6133: 'claim' is declared but its value is never read.
src/server/routes/homebrew.ts(215,11): error TS6133: 'authReq' is declared but its value is never read.
src/server/services/npcSchemaMapper.ts(18,10): error TS6133: 'validateNpcStrict' is declared but its value is never read.
src/server/services/npcSchemaMapper.ts(72,10): error TS6133: 'getNestedValue' is declared but its value is never read.
src/server/services/npcSchemaMapper.ts(79,10): error TS6133: 'setNestedValue' is declared but its value is never read.
